// Jest Snapshot v1, https://goo.gl/fbAQLP

exports[`Global should return specific properties: specific properties 1`] = `
{
  "color": {
    "BLACK": "[30m",
    "BLUE": "[34m",
    "CYAN": "[36m",
    "GREEN": "[32m",
    "GREY": "[90m",
    "MAGENTA": "[35m",
    "NOCOLOR": "[0m",
    "RED": "[31m",
    "WHITE": "[37m",
    "YELLOW": "[33m",
  },
  "consoleMessage": {
    "error": [Function],
    "info": [Function],
    "log": [Function],
    "success": [Function],
    "warn": [Function],
  },
  "contextPath": "../src/__fixtures__",
  "defaults": {
    "PARSE_METHOD": "dereference",
    "PORT": 5000,
    "RESPONSE_CACHE": 60000,
    "RESPONSE_CACHE_SIZE": 100,
    "RESPONSE_HTTP_STATUS": [
      199,
      300,
    ],
    "RESPONSE_TIME": 0,
  },
}
`;
